Error: Unknown parameter 'php' in the command line.