Dot-file court.dot generated court.dot
/page2.html (2 hits)
/page3.html (1 hits)