Error: Unknown parameter 'file' in the command line.