/temps/ (9 hits)
/SiteWebIF/Intranet-etudiant.php (3 hits)
/stages/Listestage.php (2 hits)