/temps/SoutenancesPFE.html (14 hits)
/temps/3IF4.html (13 hits)
/temps/4IF40.html (11 hits)
/temps/ (9 hits)
/temps/3IF38.html (8 hits)
/temps/5IF41.html (4 hits)