Error: Invalid log format detected in fichier.log.
