Error: Invalid hour. Provide an hour between 0 and 23.
