/temps/SoutenancesPFE.html (14 hits)
/temps/3IF4.html (13 hits)
