/temps/SoutenancesPFE.html (14 hits)
/temps/3IF4.html (13 hits)
/temps/choix.gif (12 hits)
/temps/4IF40.html (11 hits)
/temps/style_emploi_du_temps.css (10 hits)
/temps/ (9 hits)
/temps/3IF38.html (8 hits)
/temps/FondInsa.jpg (7 hits)
/cas/themes/insa/media/favicon.ico (6 hits)
/stages/bandeauFinal.jpg (5 hits)